09:04:28 INFO [scheduled-task-pool-3-thread-1] Guardians Scan the disk:E:\bi-starter-latest\webroot\bi-data\polars\aurora folder size.
09:04:28 INFO [scheduled-task-pool-3-thread-14] DiskSpaceItem [Disk Space Monitor].Check disk:[E:\bi-starter-latest\webroot\bi-data\polars],free space:[222]GB,limit:[16]GB,is fine:[true]
09:04:28 INFO [scheduled-task-pool-3-thread-1] Guardians Scan the disk:E:\bi-starter-latest\webroot\bi-data\polars\aurora folder size.
09:04:28 INFO [scheduled-task-pool-3-thread-1] Aurora Guardians clean useless and free disk space:0MB
09:04:28 INFO [scheduled-task-pool-3-thread-1] Guardians Scan the disk:E:\bi-starter-latest\webroot\bi-data\polars\aurora folder size.
09:04:28 INFO [scheduled-task-pool-3-thread-14] DiskSpaceItem [Disk Space Monitor].Check disk:[E:\bi-starter-latest\webroot\bi-data\polars],free space:[222]GB,limit:[16]GB,is fine:[true]
09:04:28 INFO [scheduled-task-pool-3-thread-1] Guardians Scan the disk:E:\bi-starter-latest\webroot\bi-data\polars\aurora folder size.
09:04:28 INFO [scheduled-task-pool-3-thread-1] Aurora Guardians clean useless and free disk space:0MB
09:04:28 INFO [scheduled-task-pool-3-thread-1] Guardians Scan the disk:E:\bi-starter-latest\webroot\bi-data\polars\aurora folder size.
09:04:28 INFO [scheduled-task-pool-3-thread-1] Guardians Scan the disk:E:\bi-starter-latest\webroot\bi-data\polars\aurora folder size.
09:04:28 INFO [scheduled-task-pool-3-thread-1] Aurora Guardians clean useless and free disk space:0MB
09:04:28 INFO [scheduled-task-pool-3-thread-14] DiskSpaceItem [Disk Space Monitor].Check disk:[E:\bi-starter-latest\webroot\bi-data\polars],free space:[222]GB,limit:[16]GB,is fine:[true]
09:04:28 INFO [scheduled-task-pool-3-thread-1] Guardians Scan the disk:E:\bi-starter-latest\webroot\bi-data\polars\aurora folder size.
09:04:28 INFO [scheduled-task-pool-3-thread-1] Guardians Scan the disk:E:\bi-starter-latest\webroot\bi-data\polars\aurora folder size.
09:04:28 INFO [scheduled-task-pool-3-thread-1] Aurora Guardians clean useless and free disk space:0MB
09:04:28 INFO [scheduled-task-pool-3-thread-1] Guardians Scan the disk:E:\bi-starter-latest\webroot\bi-data\polars\aurora folder size.
09:04:28 INFO [scheduled-task-pool-3-thread-14] DiskSpaceItem [Disk Space Monitor].Check disk:[E:\bi-starter-latest\webroot\bi-data\polars],free space:[222]GB,limit:[16]GB,is fine:[true]
09:04:28 INFO [scheduled-task-pool-3-thread-1] Guardians Scan the disk:E:\bi-starter-latest\webroot\bi-data\polars\aurora folder size.
09:04:28 INFO [scheduled-task-pool-3-thread-1] Aurora Guardians clean useless and free disk space:0MB
09:04:28 INFO [scheduled-task-pool-3-thread-1] Guardians Scan the disk:E:\bi-starter-latest\webroot\bi-data\polars\aurora folder size.
09:04:28 INFO [scheduled-task-pool-3-thread-14] DiskSpaceItem [Disk Space Monitor].Check disk:[E:\bi-starter-latest\webroot\bi-data\polars],free space:[222]GB,limit:[16]GB,is fine:[true]
09:04:28 INFO [scheduled-task-pool-3-thread-1] Guardians Scan the disk:E:\bi-starter-latest\webroot\bi-data\polars\aurora folder size.
09:04:28 INFO [scheduled-task-pool-3-thread-1] Aurora Guardians clean useless and free disk space:0MB
09:04:28 INFO [scheduled-task-pool-3-thread-1] Guardians Scan the disk:E:\bi-starter-latest\webroot\bi-data\polars\aurora folder size.
09:04:28 INFO [scheduled-task-pool-3-thread-1] Guardians Scan the disk:E:\bi-starter-latest\webroot\bi-data\polars\aurora folder size.
09:04:28 INFO [scheduled-task-pool-3-thread-14] DiskSpaceItem [Disk Space Monitor].Check disk:[E:\bi-starter-latest\webroot\bi-data\polars],free space:[222]GB,limit:[16]GB,is fine:[true]
09:04:28 INFO [scheduled-task-pool-3-thread-1] Aurora Guardians clean useless and free disk space:0MB
09:04:28 INFO [scheduled-task-pool-3-thread-1] Guardians Scan the disk:E:\bi-starter-latest\webroot\bi-data\polars\aurora folder size.
09:04:28 INFO [scheduled-task-pool-3-thread-1] Guardians Scan the disk:E:\bi-starter-latest\webroot\bi-data\polars\aurora folder size.
09:04:28 INFO [scheduled-task-pool-3-thread-14] DiskSpaceItem [Disk Space Monitor].Check disk:[E:\bi-starter-latest\webroot\bi-data\polars],free space:[222]GB,limit:[16]GB,is fine:[true]
09:04:28 INFO [scheduled-task-pool-3-thread-1] Aurora Guardians clean useless and free disk space:0MB
09:04:28 INFO [scheduled-task-pool-3-thread-1] Guardians Scan the disk:E:\bi-starter-latest\webroot\bi-data\polars\aurora folder size.
09:04:28 INFO [scheduled-task-pool-3-thread-1] Guardians Scan the disk:E:\bi-starter-latest\webroot\bi-data\polars\aurora folder size.
09:04:28 INFO [scheduled-task-pool-3-thread-14] DiskSpaceItem [Disk Space Monitor].Check disk:[E:\bi-starter-latest\webroot\bi-data\polars],free space:[222]GB,limit:[16]GB,is fine:[true]
09:04:28 INFO [scheduled-task-pool-3-thread-1] Aurora Guardians clean useless and free disk space:0MB
09:04:28 INFO [scheduled-task-pool-3-thread-1] Guardians Scan the disk:E:\bi-starter-latest\webroot\bi-data\polars\aurora folder size.
09:04:28 INFO [scheduled-task-pool-3-thread-1] Guardians Scan the disk:E:\bi-starter-latest\webroot\bi-data\polars\aurora folder size.
09:04:28 INFO [scheduled-task-pool-3-thread-1] Aurora Guardians clean useless and free disk space:0MB
09:04:28 INFO [scheduled-task-pool-3-thread-14] DiskSpaceItem [Disk Space Monitor].Check disk:[E:\bi-starter-latest\webroot\bi-data\polars],free space:[222]GB,limit:[16]GB,is fine:[true]
09:04:28 INFO [scheduled-task-pool-3-thread-1] Guardians Scan the disk:E:\bi-starter-latest\webroot\bi-data\polars\aurora folder size.
09:04:28 INFO [scheduled-task-pool-3-thread-1] Guardians Scan the disk:E:\bi-starter-latest\webroot\bi-data\polars\aurora folder size.
09:04:28 INFO [scheduled-task-pool-3-thread-1] Aurora Guardians clean useless and free disk space:0MB
09:04:28 INFO [scheduled-task-pool-3-thread-14] DiskSpaceItem [Disk Space Monitor].Check disk:[E:\bi-starter-latest\webroot\bi-data\polars],free space:[222]GB,limit:[16]GB,is fine:[true]
09:04:28 INFO [scheduled-task-pool-3-thread-1] Guardians Scan the disk:E:\bi-starter-latest\webroot\bi-data\polars\aurora folder size.
09:04:28 INFO [scheduled-task-pool-3-thread-1] Guardians Scan the disk:E:\bi-starter-latest\webroot\bi-data\polars\aurora folder size.
09:04:28 INFO [scheduled-task-pool-3-thread-1] Aurora Guardians clean useless and free disk space:0MB
09:04:28 INFO [scheduled-task-pool-3-thread-1] Guardians Scan the disk:E:\bi-starter-latest\webroot\bi-data\polars\aurora folder size.
09:04:28 INFO [scheduled-task-pool-3-thread-14] DiskSpaceItem [Disk Space Monitor].Check disk:[E:\bi-starter-latest\webroot\bi-data\polars],free space:[222]GB,limit:[16]GB,is fine:[true]
09:04:28 INFO [scheduled-task-pool-3-thread-14] DiskSpaceItem [Disk Space Monitor].Check disk:[E:\bi-starter-latest\webroot\bi-data\polars],free space:[222]GB,limit:[16]GB,is fine:[true]
09:04:28 INFO [scheduled-task-pool-3-thread-1] Guardians Scan the disk:E:\bi-starter-latest\webroot\bi-data\polars\aurora folder size.
09:04:28 INFO [scheduled-task-pool-3-thread-1] Aurora Guardians clean useless and free disk space:0MB
09:04:28 INFO [scheduled-task-pool-3-thread-1] Guardians Scan the disk:E:\bi-starter-latest\webroot\bi-data\polars\aurora folder size.
09:04:28 INFO [scheduled-task-pool-3-thread-1] Guardians Scan the disk:E:\bi-starter-latest\webroot\bi-data\polars\aurora folder size.
09:04:28 INFO [scheduled-task-pool-3-thread-14] DiskSpaceItem [Disk Space Monitor].Check disk:[E:\bi-starter-latest\webroot\bi-data\polars],free space:[222]GB,limit:[16]GB,is fine:[true]
09:04:28 INFO [scheduled-task-pool-3-thread-1] Aurora Guardians clean useless and free disk space:0MB
09:04:28 INFO [scheduled-task-pool-3-thread-14] DiskSpaceItem [Disk Space Monitor].Check disk:[E:\bi-starter-latest\webroot\bi-data\polars],free space:[222]GB,limit:[16]GB,is fine:[true]
09:04:28 INFO [scheduled-task-pool-3-thread-1] Guardians Scan the disk:E:\bi-starter-latest\webroot\bi-data\polars\aurora folder size.
09:04:28 INFO [scheduled-task-pool-3-thread-1] Guardians Scan the disk:E:\bi-starter-latest\webroot\bi-data\polars\aurora folder size.
09:04:28 INFO [scheduled-task-pool-3-thread-1] Aurora Guardians clean useless and free disk space:0MB
09:04:28 INFO [scheduled-task-pool-3-thread-1] Guardians Scan the disk:E:\bi-starter-latest\webroot\bi-data\polars\aurora folder size.
09:04:28 INFO [scheduled-task-pool-3-thread-14] DiskSpaceItem [Disk Space Monitor].Check disk:[E:\bi-starter-latest\webroot\bi-data\polars],free space:[222]GB,limit:[16]GB,is fine:[true]
09:04:28 INFO [scheduled-task-pool-3-thread-1] Guardians Scan the disk:E:\bi-starter-latest\webroot\bi-data\polars\aurora folder size.
09:04:28 INFO [scheduled-task-pool-3-thread-1] Aurora Guardians clean useless and free disk space:0MB
09:04:28 INFO [scheduled-task-pool-3-thread-1] Guardians Scan the disk:E:\bi-starter-latest\webroot\bi-data\polars\aurora folder size.
09:04:28 INFO [scheduled-task-pool-3-thread-14] DiskSpaceItem [Disk Space Monitor].Check disk:[E:\bi-starter-latest\webroot\bi-data\polars],free space:[222]GB,limit:[16]GB,is fine:[true]
09:04:28 INFO [scheduled-task-pool-3-thread-1] Guardians Scan the disk:E:\bi-starter-latest\webroot\bi-data\polars\aurora folder size.
09:04:28 INFO [scheduled-task-pool-3-thread-1] Aurora Guardians clean useless and free disk space:0MB
09:04:28 INFO [scheduled-task-pool-3-thread-1] Guardians Scan the disk:E:\bi-starter-latest\webroot\bi-data\polars\aurora folder size.
09:04:28 INFO [scheduled-task-pool-3-thread-14] DiskSpaceItem [Disk Space Monitor].Check disk:[E:\bi-starter-latest\webroot\bi-data\polars],free space:[222]GB,limit:[16]GB,is fine:[true]
09:04:28 INFO [scheduled-task-pool-3-thread-1] Guardians Scan the disk:E:\bi-starter-latest\webroot\bi-data\polars\aurora folder size.
09:04:28 INFO [scheduled-task-pool-3-thread-1] Aurora Guardians clean useless and free disk space:0MB
09:04:28 INFO [scheduled-task-pool-3-thread-1] Guardians Scan the disk:E:\bi-starter-latest\webroot\bi-data\polars\aurora folder size.
09:04:28 INFO [scheduled-task-pool-3-thread-1] Guardians Scan the disk:E:\bi-starter-latest\webroot\bi-data\polars\aurora folder size.
09:04:28 INFO [scheduled-task-pool-3-thread-1] Aurora Guardians clean useless and free disk space:0MB
09:04:28 INFO [scheduled-task-pool-3-thread-14] DiskSpaceItem [Disk Space Monitor].Check disk:[E:\bi-starter-latest\webroot\bi-data\polars],free space:[222]GB,limit:[16]GB,is fine:[true]
09:04:28 INFO [scheduled-task-pool-3-thread-1] Guardians Scan the disk:E:\bi-starter-latest\webroot\bi-data\polars\aurora folder size.
09:04:28 INFO [scheduled-task-pool-3-thread-1] Guardians Scan the disk:E:\bi-starter-latest\webroot\bi-data\polars\aurora folder size.
09:04:28 INFO [scheduled-task-pool-3-thread-1] Aurora Guardians clean useless and free disk space:0MB
09:04:28 INFO [scheduled-task-pool-3-thread-1] Guardians Scan the disk:E:\bi-starter-latest\webroot\bi-data\polars\aurora folder size.
09:04:28 INFO [scheduled-task-pool-3-thread-14] DiskSpaceItem [Disk Space Monitor].Check disk:[E:\bi-starter-latest\webroot\bi-data\polars],free space:[222]GB,limit:[16]GB,is fine:[true]
09:04:28 INFO [scheduled-task-pool-3-thread-1] Guardians Scan the disk:E:\bi-starter-latest\webroot\bi-data\polars\aurora folder size.
09:04:28 INFO [scheduled-task-pool-3-thread-1] Aurora Guardians clean useless and free disk space:0MB
09:04:28 INFO [scheduled-task-pool-3-thread-1] Guardians Scan the disk:E:\bi-starter-latest\webroot\bi-data\polars\aurora folder size.
09:04:28 INFO [scheduled-task-pool-3-thread-1] Guardians Scan the disk:E:\bi-starter-latest\webroot\bi-data\polars\aurora folder size.
09:04:28 INFO [scheduled-task-pool-3-thread-1] Aurora Guardians clean useless and free disk space:0MB
09:04:28 INFO [scheduled-task-pool-3-thread-14] DiskSpaceItem [Disk Space Monitor].Check disk:[E:\bi-starter-latest\webroot\bi-data\polars],free space:[222]GB,limit:[16]GB,is fine:[true]
09:04:28 INFO [scheduled-task-pool-3-thread-1] Guardians Scan the disk:E:\bi-starter-latest\webroot\bi-data\polars\aurora folder size.
09:04:28 INFO [scheduled-task-pool-3-thread-1] Guardians Scan the disk:E:\bi-starter-latest\webroot\bi-data\polars\aurora folder size.
09:04:28 INFO [scheduled-task-pool-3-thread-1] Aurora Guardians clean useless and free disk space:0MB
09:04:28 INFO [scheduled-task-pool-3-thread-14] DiskSpaceItem [Disk Space Monitor].Check disk:[E:\bi-starter-latest\webroot\bi-data\polars],free space:[222]GB,limit:[16]GB,is fine:[true]
09:04:28 INFO [scheduled-task-pool-3-thread-14] DiskSpaceItem [Disk Space Monitor].Check disk:[E:\bi-starter-latest\webroot\bi-data\polars],free space:[222]GB,limit:[16]GB,is fine:[true]
09:04:28 INFO [scheduled-task-pool-3-thread-14] DiskSpaceItem [Disk Space Monitor].Check disk:[E:\bi-starter-latest\webroot\bi-data\polars],free space:[222]GB,limit:[16]GB,is fine:[true]
09:04:28 INFO [scheduled-task-pool-3-thread-14] DiskSpaceItem [Disk Space Monitor].Check disk:[E:\bi-starter-latest\webroot\bi-data\polars],free space:[222]GB,limit:[16]GB,is fine:[true]
09:04:28 INFO [scheduled-task-pool-3-thread-14] DiskSpaceItem [Disk Space Monitor].Check disk:[E:\bi-starter-latest\webroot\bi-data\polars],free space:[222]GB,limit:[16]GB,is fine:[true]
09:04:28 INFO [scheduled-task-pool-3-thread-14] DiskSpaceItem [Disk Space Monitor].Check disk:[E:\bi-starter-latest\webroot\bi-data\polars],free space:[222]GB,limit:[16]GB,is fine:[true]
09:04:28 INFO [scheduled-task-pool-3-thread-14] DiskSpaceItem [Disk Space Monitor].Check disk:[E:\bi-starter-latest\webroot\bi-data\polars],free space:[222]GB,limit:[16]GB,is fine:[true]
09:04:28 INFO [scheduled-task-pool-3-thread-14] DiskSpaceItem [Disk Space Monitor].Check disk:[E:\bi-starter-latest\webroot\bi-data\polars],free space:[222]GB,limit:[16]GB,is fine:[true]
09:04:28 INFO [scheduled-task-pool-3-thread-14] DiskSpaceItem [Disk Space Monitor].Check disk:[E:\bi-starter-latest\webroot\bi-data\polars],free space:[222]GB,limit:[16]GB,is fine:[true]
09:04:28 INFO [scheduled-task-pool-3-thread-14] DiskSpaceItem [Disk Space Monitor].Check disk:[E:\bi-starter-latest\webroot\bi-data\polars],free space:[222]GB,limit:[16]GB,is fine:[true]
09:04:28 INFO [scheduled-task-pool-3-thread-14] DiskSpaceItem [Disk Space Monitor].Check disk:[E:\bi-starter-latest\webroot\bi-data\polars],free space:[222]GB,limit:[16]GB,is fine:[true]
09:04:28 INFO [scheduled-task-pool-3-thread-14] DiskSpaceItem [Disk Space Monitor].Check disk:[E:\bi-starter-latest\webroot\bi-data\polars],free space:[222]GB,limit:[16]GB,is fine:[true]
09:04:28 INFO [scheduled-task-pool-3-thread-14] DiskSpaceItem [Disk Space Monitor].Check disk:[E:\bi-starter-latest\webroot\bi-data\polars],free space:[222]GB,limit:[16]GB,is fine:[true]
09:04:28 INFO [scheduled-task-pool-3-thread-14] DiskSpaceItem [Disk Space Monitor].Check disk:[E:\bi-starter-latest\webroot\bi-data\polars],free space:[222]GB,limit:[16]GB,is fine:[true]
09:04:28 INFO [scheduled-task-pool-3-thread-14] DiskSpaceItem [Disk Space Monitor].Check disk:[E:\bi-starter-latest\webroot\bi-data\polars],free space:[222]GB,limit:[16]GB,is fine:[true]
09:04:28 INFO [scheduled-task-pool-3-thread-14] DiskSpaceItem [Disk Space Monitor].Check disk:[E:\bi-starter-latest\webroot\bi-data\polars],free space:[222]GB,limit:[16]GB,is fine:[true]
09:04:28 INFO [scheduled-task-pool-3-thread-14] DiskSpaceItem [Disk Space Monitor].Check disk:[E:\bi-starter-latest\webroot\bi-data\polars],free space:[222]GB,limit:[16]GB,is fine:[true]
09:04:28 INFO [scheduled-task-pool-3-thread-14] DiskSpaceItem [Disk Space Monitor].Check disk:[E:\bi-starter-latest\webroot\bi-data\polars],free space:[222]GB,limit:[16]GB,is fine:[true]
09:04:28 INFO [scheduled-task-pool-3-thread-14] DiskSpaceItem [Disk Space Monitor].Check disk:[E:\bi-starter-latest\webroot\bi-data\polars],free space:[222]GB,limit:[16]GB,is fine:[true]
09:04:28 INFO [scheduled-task-pool-3-thread-14] DiskSpaceItem [Disk Space Monitor].Check disk:[E:\bi-starter-latest\webroot\bi-data\polars],free space:[222]GB,limit:[16]GB,is fine:[true]
09:04:28 INFO [scheduled-task-pool-3-thread-14] DiskSpaceItem [Disk Space Monitor].Check disk:[E:\bi-starter-latest\webroot\bi-data\polars],free space:[222]GB,limit:[16]GB,is fine:[true]
09:04:28 INFO [scheduled-task-pool-3-thread-14] DiskSpaceItem [Disk Space Monitor].Check disk:[E:\bi-starter-latest\webroot\bi-data\polars],free space:[222]GB,limit:[16]GB,is fine:[true]
09:04:28 INFO [scheduled-task-pool-3-thread-14] DiskSpaceItem [Disk Space Monitor].Check disk:[E:\bi-starter-latest\webroot\bi-data\polars],free space:[222]GB,limit:[16]GB,is fine:[true]
09:04:28 INFO [scheduled-task-pool-3-thread-14] DiskSpaceItem [Disk Space Monitor].Check disk:[E:\bi-starter-latest\webroot\bi-data\polars],free space:[222]GB,limit:[16]GB,is fine:[true]
09:04:28 INFO [scheduled-task-pool-3-thread-14] DiskSpaceItem [Disk Space Monitor].Check disk:[E:\bi-starter-latest\webroot\bi-data\polars],free space:[222]GB,limit:[16]GB,is fine:[true]
09:04:28 INFO [scheduled-task-pool-3-thread-14] DiskSpaceItem [Disk Space Monitor].Check disk:[E:\bi-starter-latest\webroot\bi-data\polars],free space:[222]GB,limit:[16]GB,is fine:[true]
09:04:28 INFO [scheduled-task-pool-3-thread-14] DiskSpaceItem [Disk Space Monitor].Check disk:[E:\bi-starter-latest\webroot\bi-data\polars],free space:[222]GB,limit:[16]GB,is fine:[true]
09:04:28 INFO [scheduled-task-pool-3-thread-14] DiskSpaceItem [Disk Space Monitor].Check disk:[E:\bi-starter-latest\webroot\bi-data\polars],free space:[222]GB,limit:[16]GB,is fine:[true]
09:04:28 INFO [scheduled-task-pool-3-thread-14] DiskSpaceItem [Disk Space Monitor].Check disk:[E:\bi-starter-latest\webroot\bi-data\polars],free space:[222]GB,limit:[16]GB,is fine:[true]
09:04:28 INFO [scheduled-task-pool-3-thread-14] DiskSpaceItem [Disk Space Monitor].Check disk:[E:\bi-starter-latest\webroot\bi-data\polars],free space:[222]GB,limit:[16]GB,is fine:[true]
09:04:28 INFO [scheduled-task-pool-3-thread-14] DiskSpaceItem [Disk Space Monitor].Check disk:[E:\bi-starter-latest\webroot\bi-data\polars],free space:[222]GB,limit:[16]GB,is fine:[true]
09:04:28 INFO [scheduled-task-pool-3-thread-14] DiskSpaceItem [Disk Space Monitor].Check disk:[E:\bi-starter-latest\webroot\bi-data\polars],free space:[222]GB,limit:[16]GB,is fine:[true]
09:04:28 INFO [scheduled-task-pool-3-thread-14] DiskSpaceItem [Disk Space Monitor].Check disk:[E:\bi-starter-latest\webroot\bi-data\polars],free space:[222]GB,limit:[16]GB,is fine:[true]
09:04:28 INFO [scheduled-task-pool-3-thread-14] DiskSpaceItem [Disk Space Monitor].Check disk:[E:\bi-starter-latest\webroot\bi-data\polars],free space:[222]GB,limit:[16]GB,is fine:[true]
09:04:28 INFO [scheduled-task-pool-3-thread-14] DiskSpaceItem [Disk Space Monitor].Check disk:[E:\bi-starter-latest\webroot\bi-data\polars],free space:[222]GB,limit:[16]GB,is fine:[true]
09:04:28 INFO [scheduled-task-pool-3-thread-14] DiskSpaceItem [Disk Space Monitor].Check disk:[E:\bi-starter-latest\webroot\bi-data\polars],free space:[222]GB,limit:[16]GB,is fine:[true]
09:04:28 INFO [scheduled-task-pool-3-thread-14] DiskSpaceItem [Disk Space Monitor].Check disk:[E:\bi-starter-latest\webroot\bi-data\polars],free space:[222]GB,limit:[16]GB,is fine:[true]
09:04:28 INFO [scheduled-task-pool-3-thread-14] DiskSpaceItem [Disk Space Monitor].Check disk:[E:\bi-starter-latest\webroot\bi-data\polars],free space:[222]GB,limit:[16]GB,is fine:[true]
09:04:28 INFO [scheduled-task-pool-3-thread-14] DiskSpaceItem [Disk Space Monitor].Check disk:[E:\bi-starter-latest\webroot\bi-data\polars],free space:[222]GB,limit:[16]GB,is fine:[true]
09:04:28 INFO [scheduled-task-pool-3-thread-14] DiskSpaceItem [Disk Space Monitor].Check disk:[E:\bi-starter-latest\webroot\bi-data\polars],free space:[222]GB,limit:[16]GB,is fine:[true]
09:04:28 INFO [scheduled-task-pool-3-thread-14] DiskSpaceItem [Disk Space Monitor].Check disk:[E:\bi-starter-latest\webroot\bi-data\polars],free space:[222]GB,limit:[16]GB,is fine:[true]
09:04:28 INFO [scheduled-task-pool-3-thread-14] DiskSpaceItem [Disk Space Monitor].Check disk:[E:\bi-starter-latest\webroot\bi-data\polars],free space:[222]GB,limit:[16]GB,is fine:[true]
09:04:28 INFO [scheduled-task-pool-3-thread-14] DiskSpaceItem [Disk Space Monitor].Check disk:[E:\bi-starter-latest\webroot\bi-data\polars],free space:[222]GB,limit:[16]GB,is fine:[true]
09:04:28 INFO [scheduled-task-pool-3-thread-14] DiskSpaceItem [Disk Space Monitor].Check disk:[E:\bi-starter-latest\webroot\bi-data\polars],free space:[222]GB,limit:[16]GB,is fine:[true]
09:04:28 INFO [scheduled-task-pool-3-thread-14] DiskSpaceItem [Disk Space Monitor].Check disk:[E:\bi-starter-latest\webroot\bi-data\polars],free space:[222]GB,limit:[16]GB,is fine:[true]
09:04:28 INFO [scheduled-task-pool-3-thread-14] DiskSpaceItem [Disk Space Monitor].Check disk:[E:\bi-starter-latest\webroot\bi-data\polars],free space:[222]GB,limit:[16]GB,is fine:[true]
09:04:28 INFO [scheduled-task-pool-3-thread-14] DiskSpaceItem [Disk Space Monitor].Check disk:[E:\bi-starter-latest\webroot\bi-data\polars],free space:[222]GB,limit:[16]GB,is fine:[true]
09:04:28 INFO [scheduled-task-pool-3-thread-14] DiskSpaceItem [Disk Space Monitor].Check disk:[E:\bi-starter-latest\webroot\bi-data\polars],free space:[222]GB,limit:[16]GB,is fine:[true]
09:04:28 INFO [scheduled-task-pool-3-thread-14] DiskSpaceItem [Disk Space Monitor].Check disk:[E:\bi-starter-latest\webroot\bi-data\polars],free space:[222]GB,limit:[16]GB,is fine:[true]
09:04:28 INFO [scheduled-task-pool-3-thread-14] DiskSpaceItem [Disk Space Monitor].Check disk:[E:\bi-starter-latest\webroot\bi-data\polars],free space:[222]GB,limit:[16]GB,is fine:[true]
09:04:28 INFO [scheduled-task-pool-3-thread-14] DiskSpaceItem [Disk Space Monitor].Check disk:[E:\bi-starter-latest\webroot\bi-data\polars],free space:[222]GB,limit:[16]GB,is fine:[true]
09:04:28 INFO [scheduled-task-pool-3-thread-14] DiskSpaceItem [Disk Space Monitor].Check disk:[E:\bi-starter-latest\webroot\bi-data\polars],free space:[222]GB,limit:[16]GB,is fine:[true]
09:04:28 INFO [scheduled-task-pool-3-thread-14] DiskSpaceItem [Disk Space Monitor].Check disk:[E:\bi-starter-latest\webroot\bi-data\polars],free space:[222]GB,limit:[16]GB,is fine:[true]
09:04:28 INFO [scheduled-task-pool-3-thread-14] DiskSpaceItem [Disk Space Monitor].Check disk:[E:\bi-starter-latest\webroot\bi-data\polars],free space:[222]GB,limit:[16]GB,is fine:[true]
09:04:28 INFO [scheduled-task-pool-3-thread-14] DiskSpaceItem [Disk Space Monitor].Check disk:[E:\bi-starter-latest\webroot\bi-data\polars],free space:[222]GB,limit:[16]GB,is fine:[true]
09:04:28 INFO [scheduled-task-pool-3-thread-14] DiskSpaceItem [Disk Space Monitor].Check disk:[E:\bi-starter-latest\webroot\bi-data\polars],free space:[222]GB,limit:[16]GB,is fine:[true]
09:04:28 INFO [scheduled-task-pool-3-thread-14] DiskSpaceItem [Disk Space Monitor].Check disk:[E:\bi-starter-latest\webroot\bi-data\polars],free space:[222]GB,limit:[16]GB,is fine:[true]
09:04:28 INFO [scheduled-task-pool-3-thread-14] DiskSpaceItem [Disk Space Monitor].Check disk:[E:\bi-starter-latest\webroot\bi-data\polars],free space:[222]GB,limit:[16]GB,is fine:[true]
09:04:28 INFO [scheduled-task-pool-3-thread-14] DiskSpaceItem [Disk Space Monitor].Check disk:[E:\bi-starter-latest\webroot\bi-data\polars],free space:[222]GB,limit:[16]GB,is fine:[true]
09:04:28 INFO [scheduled-task-pool-3-thread-14] DiskSpaceItem [Disk Space Monitor].Check disk:[E:\bi-starter-latest\webroot\bi-data\polars],free space:[222]GB,limit:[16]GB,is fine:[true]
09:04:28 INFO [scheduled-task-pool-3-thread-14] DiskSpaceItem [Disk Space Monitor].Check disk:[E:\bi-starter-latest\webroot\bi-data\polars],free space:[222]GB,limit:[16]GB,is fine:[true]
09:04:28 INFO [scheduled-task-pool-3-thread-14] DiskSpaceItem [Disk Space Monitor].Check disk:[E:\bi-starter-latest\webroot\bi-data\polars],free space:[222]GB,limit:[16]GB,is fine:[true]
09:04:28 INFO [scheduled-task-pool-3-thread-14] DiskSpaceItem [Disk Space Monitor].Check disk:[E:\bi-starter-latest\webroot\bi-data\polars],free space:[222]GB,limit:[16]GB,is fine:[true]
09:04:28 INFO [scheduled-task-pool-3-thread-14] DiskSpaceItem [Disk Space Monitor].Check disk:[E:\bi-starter-latest\webroot\bi-data\polars],free space:[222]GB,limit:[16]GB,is fine:[true]
09:04:28 INFO [scheduled-task-pool-3-thread-14] DiskSpaceItem [Disk Space Monitor].Check disk:[E:\bi-starter-latest\webroot\bi-data\polars],free space:[222]GB,limit:[16]GB,is fine:[true]
09:04:28 INFO [scheduled-task-pool-3-thread-14] DiskSpaceItem [Disk Space Monitor].Check disk:[E:\bi-starter-latest\webroot\bi-data\polars],free space:[222]GB,limit:[16]GB,is fine:[true]
09:04:28 INFO [scheduled-task-pool-3-thread-14] DiskSpaceItem [Disk Space Monitor].Check disk:[E:\bi-starter-latest\webroot\bi-data\polars],free space:[222]GB,limit:[16]GB,is fine:[true]
09:05:42 INFO [grpc-default-executor-6] TableSpaceRouter default_ts run auto transaction,stm:com.fanruan.polars.model.commands.DropTableStatement@7bb4d284
09:05:42 INFO [grpc-default-executor-6] TransactionNut txn:(11) will be stored by pool:[TxnPool_default_ts_1708600632638]
09:05:42 INFO [grpc-default-executor-6] TableSpaceRouter TableSpace:default_ts,begin txnId:[11],start seq no:(1708600632702)
09:05:42 INFO [bus-4-thread-2] FileJournal JOURNAL ENTRY, [BEGIN_TXN, txn:[11], sequenceNumber:Fri Feb 23 09:05:42 GMT+08:00 2024]
09:05:42 INFO [grpc-default-executor-6] SimpleSchemaDDL Drop table:[default_ts.etl_edit_schema.0eb637050ad749839390ff2df942c1d9-select-e4d63b58b967076c]
09:05:42 INFO [grpc-default-executor-6] TableMetaManager Schema:[etl_edit_schema] delete table:[0eb637050ad749839390ff2df942c1d9-select-e4d63b58b967076c] successfully
09:05:42 INFO [grpc-default-executor-6] SimpleSchemaDDL Drop table:[default_ts.default_schema.0eb637050ad749839390ff2df942c1d9-select-e4d63b58b967076c[18071560-8132-4f92-ac3a-af268994d267]]
09:05:42 INFO [grpc-default-executor-6] SimpleTableMeteSourceManager remove snap table:[default_ts.etl_edit_schema.0eb637050ad749839390ff2df942c1d9-select-e4d63b58b967076c(0)[18071560-8132-4f92-ac3a-af268994d267]] TableMetaSource
09:05:42 INFO [grpc-default-executor-6] SimpleTableMeteSourceManager remove snap table:[default_ts.etl_edit_schema.0eb637050ad749839390ff2df942c1d9-select-e4d63b58b967076c(1708600632639)[18071560-8132-4f92-ac3a-af268994d267]] TableMetaSource
09:05:42 INFO [grpc-default-executor-6] SimpleTableSpaceDDL txn:[11].try to commit table space staff:[default_ts]
09:05:42 INFO [grpc-default-executor-6] SimpleTableSpaceDDL txn:[11].finish commit table space staff:[default_ts]
09:05:42 INFO [grpc-default-executor-6] SimpleTableSpaceDML txn:[11] finish commit table staff
09:05:42 INFO [grpc-default-executor-6] TransactionNut txn:(11) will be release by pool:[TxnPool_default_ts_1708600632638]
09:05:42 INFO [bus-4-thread-1] FileJournal JOURNAL ENTRY, [DROP_TABLE, txn:[11], table:'default_ts.default_schema.0eb637050ad749839390ff2df942c1d9-select-e4d63b58b967076c[no_uuid_info]', sequenceNumber:Fri Feb 23 09:05:42 GMT+08:00 2024]
09:05:42 INFO [bus-4-thread-2] FileJournal JOURNAL ENTRY, [COMMIT_TXN, txn:[11], sequenceNumber:Fri Feb 23 09:05:42 GMT+08:00 2024]
09:08:59 INFO [scheduled-task-pool-3-thread-1] DiskSpaceItem [Disk Space Monitor].Check disk:[E:\bi-starter-latest\webroot\bi-data\polars],free space:[222]GB,limit:[16]GB,is fine:[true]
09:16:59 INFO [scheduled-task-pool-3-thread-15] Guardians Scan the disk:E:\bi-starter-latest\webroot\bi-data\polars\aurora folder size.
09:16:59 INFO [scheduled-task-pool-3-thread-15] Guardians Scan the disk:E:\bi-starter-latest\webroot\bi-data\polars\aurora folder size.
09:16:59 INFO [scheduled-task-pool-3-thread-15] Aurora Guardians clean useless and free disk space:0MB
09:16:59 INFO [scheduled-task-pool-3-thread-2] DiskSpaceItem [Disk Space Monitor].Check disk:[E:\bi-starter-latest\webroot\bi-data\polars],free space:[222]GB,limit:[16]GB,is fine:[true]
09:24:59 INFO [scheduled-task-pool-3-thread-3] DiskSpaceItem [Disk Space Monitor].Check disk:[E:\bi-starter-latest\webroot\bi-data\polars],free space:[222]GB,limit:[16]GB,is fine:[true]
09:32:59 INFO [scheduled-task-pool-3-thread-12] DiskSpaceItem [Disk Space Monitor].Check disk:[E:\bi-starter-latest\webroot\bi-data\polars],free space:[222]GB,limit:[16]GB,is fine:[true]
09:40:59 INFO [scheduled-task-pool-3-thread-10] DiskSpaceItem [Disk Space Monitor].Check disk:[E:\bi-starter-latest\webroot\bi-data\polars],free space:[222]GB,limit:[16]GB,is fine:[true]
09:46:59 INFO [scheduled-task-pool-3-thread-14] Guardians Scan the disk:E:\bi-starter-latest\webroot\bi-data\polars\aurora folder size.
09:46:59 INFO [scheduled-task-pool-3-thread-14] Guardians Scan the disk:E:\bi-starter-latest\webroot\bi-data\polars\aurora folder size.
09:46:59 INFO [scheduled-task-pool-3-thread-14] Aurora Guardians clean useless and free disk space:0MB
09:48:59 INFO [scheduled-task-pool-3-thread-2] DiskSpaceItem [Disk Space Monitor].Check disk:[E:\bi-starter-latest\webroot\bi-data\polars],free space:[222]GB,limit:[16]GB,is fine:[true]
09:56:59 INFO [scheduled-task-pool-3-thread-9] DiskSpaceItem [Disk Space Monitor].Check disk:[E:\bi-starter-latest\webroot\bi-data\polars],free space:[222]GB,limit:[16]GB,is fine:[true]
10:04:59 INFO [scheduled-task-pool-3-thread-16] DiskSpaceItem [Disk Space Monitor].Check disk:[E:\bi-starter-latest\webroot\bi-data\polars],free space:[222]GB,limit:[16]GB,is fine:[true]
10:12:59 INFO [scheduled-task-pool-3-thread-1] DiskSpaceItem [Disk Space Monitor].Check disk:[E:\bi-starter-latest\webroot\bi-data\polars],free space:[222]GB,limit:[16]GB,is fine:[true]
10:16:59 INFO [scheduled-task-pool-3-thread-11] Guardians Scan the disk:E:\bi-starter-latest\webroot\bi-data\polars\aurora folder size.
10:16:59 INFO [scheduled-task-pool-3-thread-11] Guardians Scan the disk:E:\bi-starter-latest\webroot\bi-data\polars\aurora folder size.
10:16:59 INFO [scheduled-task-pool-3-thread-11] Aurora Guardians clean useless and free disk space:0MB
10:20:59 INFO [scheduled-task-pool-3-thread-14] DiskSpaceItem [Disk Space Monitor].Check disk:[E:\bi-starter-latest\webroot\bi-data\polars],free space:[222]GB,limit:[16]GB,is fine:[true]
10:28:59 INFO [scheduled-task-pool-3-thread-3] DiskSpaceItem [Disk Space Monitor].Check disk:[E:\bi-starter-latest\webroot\bi-data\polars],free space:[222]GB,limit:[16]GB,is fine:[true]
10:36:59 INFO [scheduled-task-pool-3-thread-11] DiskSpaceItem [Disk Space Monitor].Check disk:[E:\bi-starter-latest\webroot\bi-data\polars],free space:[222]GB,limit:[16]GB,is fine:[true]
10:51:36 INFO [Thread-41] ModuleManger Try load module:[com.fanruan.polars.bi.BIModule]
10:51:36 INFO [Thread-41] EventCenter Try to register subscriber:Subscriber for metric
10:51:36 INFO [Thread-41] EventCenter Register subscriber:[Subscriber for metric] successfully
10:51:36 INFO [Thread-41] PlansCache Max query plan cache size: 65536 KB
10:51:36 INFO [Thread-41] PlansCache Max query plan cache size: 65536 KB
10:51:36 INFO [Thread-41] BaseCloseable [ResourceSpaceManager] started successfully time:[0ms]
10:51:37 INFO [Thread-41] LocalMemoryManager Create space mem area:[SystemMem],capacity:[5597497708],manager sum:[0],manager capacity:[5597497708]
10:51:37 INFO [Thread-41] BaseCloseable [PolarsTimer] started successfully time:[0ms]
10:51:37 INFO [Thread-41] PolarsDataNetwork Create data network:[xdb_dn].
10:51:37 INFO [Thread-41] PolarsDataNetwork Network:[xdb_dn] load node size:[0]
10:51:37 INFO [Thread-41] EventCenter Try to register subscriber:default journal subscriber
10:51:37 INFO [Thread-41] EventCenter Register subscriber:[default journal subscriber] successfully
10:51:37 INFO [Thread-41] EventCenter Try to register subscriber:arm_event
10:51:37 INFO [Thread-41] EventCenter Register subscriber:[arm_event] successfully
10:51:37 INFO [Thread-41] BaseCloseable [SimpleCommonServiceManager] started successfully time:[101ms]
10:51:37 INFO [Thread-41] TableSpaceManager loading table space services
10:51:37 INFO [Thread-41] RocksTableSpaceDescService DB:[xdb] meta system is loading now,under logic path:[xdb]
10:51:37 INFO [Thread-41] RocksTableSpaceDescService db[xdb] meta system is empty now.System will build one under logic path:[xdb]
10:51:37 INFO [Thread-41] TableSpaceManager finish table spaces loading,loaded table space meta:#no table space#
10:51:37 INFO [Thread-41] TableSpaceManager loading table space services
10:51:37 INFO [Thread-41] RocksTableSpaceDescService DB:[xdb] meta system is loading now,under logic path:[xdb]
10:51:37 INFO [Thread-41] RocksTableSpaceDescService db[xdb] meta system is empty now.System will build one under logic path:[xdb]
10:51:37 INFO [Thread-41] TableSpaceManager finish table spaces loading,loaded table space meta:#no table space#
10:51:37 INFO [execution-task-scheduler-9-thread-1] SimpleExecutionTaskScheduler Task Execution Scheduler start
10:51:37 INFO [Thread-41] BaseCloseable [SimpleStatementExecuteService] started successfully time:[0ms]
10:51:37 INFO [Thread-41] TableSpaceManager loading table space services
10:51:37 INFO [Thread-41] RocksTableSpaceDescService DB:[xdb] meta system is loading now,under logic path:[xdb]
10:51:37 INFO [Thread-41] RocksTableSpaceDescService db[xdb] meta system is empty now.System will build one under logic path:[xdb]
10:51:37 INFO [Thread-41] TableSpaceManager finish table spaces loading,loaded table space meta:#no table space#
10:51:37 INFO [Thread-41] TableSpaceManager Table space service try to create table space:[sys_ts(NORMAL)#38f6db657fb04ae1ace3b1d5a506bbdf]
10:51:37 INFO [Thread-41] RocksTableSpaceDescService Register table space desc:sys_ts(NORMAL)#38f6db657fb04ae1ace3b1d5a506bbdf
10:51:37 INFO [Thread-41] TableSpaceManager Table space service try to boot table space [sys_ts] under db [xdb], uuid is [38f6db657fb04ae1ace3b1d5a506bbdf]
10:51:37 INFO [Thread-41] TableMetaManager Table manager:xdb/38f6db657fb04ae1ace3b1d5a506bbdf/.meta meta not exist,return a empty builder
10:51:37 INFO [Thread-41] TableMetaManager$Builder TableManager:[default_schema(38f6db657fb04ae1ace3b1d5a506bbdf)] builder start to build,tables:[]
10:51:37 INFO [Thread-41] BaseCloseable [SimpleTableSpaceCenter] started successfully time:[34ms]
10:51:37 INFO [Thread-41] SchemaManager Schema manager load schema:[default_schema(38f6db657fb04ae1ace3b1d5a506bbdf)]
10:51:37 INFO [Thread-41] TableSpaceManager Table space service boot space  [sys_ts] under db [xdb] successfully, uuid is [38f6db657fb04ae1ace3b1d5a506bbdf], load time 92 ms 
10:51:37 INFO [Thread-41] BaseCloseable [LocalMemTableSpaceManager] started successfully time:[160ms]
10:51:37 INFO [Thread-41] BaseCloseable [SimpleMemoryTableSpaceService] started successfully time:[160ms]
10:51:37 INFO [Thread-41] TableSpaceRouter sys_ts run auto transaction,stm:com.fanruan.polars.model.commands.CreateTableStatement@4c28de5e
10:51:37 INFO [Thread-41] TransactionNut txn:(2) will be stored by pool:[TxnPool_sys_ts_1708656697511]
10:51:37 INFO [Thread-41] TableSpaceRouter TableSpace:sys_ts,begin txnId:[2],start seq no:(1708656697580)
10:51:37 INFO [bus-4-thread-1] FileJournal JOURNAL ENTRY, [BEGIN_TXN, txn:[2], sequenceNumber:Fri Feb 23 10:51:37 GMT+08:00 2024]
10:51:37 INFO [Thread-41] SimpleTableSpaceDDL txn:[2].try to commit table space staff:[sys_ts]
10:51:37 INFO [Thread-41] SimpleSchemaDDL txn:[2].try to commit create table:[TaskInfoTable] in schema:[default_schema(38f6db657fb04ae1ace3b1d5a506bbdf)]
10:51:37 INFO [Thread-41] TableMetaManager Boot table:[default_schema.TaskInfoTable]
10:51:37 INFO [Thread-41] Table loading table TaskInfoTable, uuid 61012a77-f5e4-45e5-ad93-43fef0f27b17
10:51:37 INFO [Thread-41] Table table TaskInfoTable loaded.
10:51:37 INFO [Thread-41] TableMetaManager bootTable default_schema.TaskInfoTable time 2 ms
10:51:37 INFO [Thread-41] TableMetaManager try to bind table name:TaskInfoTable  with uuid:61012a77-f5e4-45e5-ad93-43fef0f27b17 in Schema:default_schema(38f6db657fb04ae1ace3b1d5a506bbdf)
10:51:37 INFO [bus-4-thread-2] FileJournal JOURNAL ENTRY, [CREATE_TABLE, txn:[2], snapTable:[sys_ts.default_schema.TaskInfoTable#0[61012a77-f5e4-45e5-ad93-43fef0f27b17] column:[name#0(String#LZ4), status#1(String#LZ4), create_time#2(Nullable(Timestamp)#LZ4), end_time#3(Nullable(Timestamp)#LZ4), queue_time#4(Long#LZ4), wait_resource_time#5(Long#LZ4), plan_time#6(Long#LZ4), start_time#7(Long#LZ4), run_time#8(Long#LZ4), finish_time#9(Long#LZ4), execution_all_time#10(Long#LZ4), mem_peak#11(Long#LZ4), mem_current#12(Long#LZ4), mem_capacity#13(Long#LZ4), pool_name#14(Nullable(String)#LZ4), work_node#15(Nullable(String)#LZ4)] accessory:[] data:#0{0=>-1, 1=>-1, 2=>-1, 3=>-1, 4=>-1, 5=>-1, 6=>-1, 7=>-1, 8=>-1, 9=>-1, 10=>-1, 11=>-1, 12=>-1, 13=>-1, 14=>-1, 15=>-1}{}], sequenceNumber:Fri Feb 23 10:51:37 GMT+08:00 2024]
10:51:37 INFO [Thread-41] SimpleSchemaDDL txn:[2].finish commit create table:[TaskInfoTable] in
10:51:37 INFO [Thread-41] SimpleTableSpaceDDL txn:[2].finish commit table space staff:[sys_ts]
10:51:37 INFO [Thread-41] SimpleTableSpaceDML txn:[2] finish commit table staff
10:51:37 INFO [bus-4-thread-1] FileJournal JOURNAL ENTRY, [COMMIT_TXN, txn:[2], sequenceNumber:Fri Feb 23 10:51:37 GMT+08:00 2024]
10:51:37 INFO [Thread-41] TransactionNut txn:(2) will be release by pool:[TxnPool_sys_ts_1708656697511]
10:51:37 INFO [Thread-41] TableSpaceRouter sys_ts run auto transaction,stm:com.fanruan.polars.model.commands.CreateTableStatement@3916f59e
10:51:37 INFO [Thread-41] TransactionNut txn:(3) will be stored by pool:[TxnPool_sys_ts_1708656697511]
10:51:37 INFO [Thread-41] TableSpaceRouter TableSpace:sys_ts,begin txnId:[3],start seq no:(1708656697583)
10:51:37 INFO [bus-4-thread-1] FileJournal JOURNAL ENTRY, [BEGIN_TXN, txn:[3], sequenceNumber:Fri Feb 23 10:51:37 GMT+08:00 2024]
10:51:37 INFO [Thread-41] SimpleTableSpaceDDL txn:[3].try to commit table space staff:[sys_ts]
10:51:37 INFO [bus-4-thread-1] FileJournal JOURNAL ENTRY, [CREATE_TABLE, txn:[3], snapTable:[sys_ts.default_schema.TablesInfo#0[dc8d3693-6fea-4791-aea8-ab2a2fe9adec] column:[table_space#0(String#LZ4), schema_name#1(String#LZ4), table_name#2(String#LZ4), version#3(Long#LZ4), uuid#4(String#LZ4), column#5(String#LZ4), block_ids#6(String#LZ4)] accessory:[] data:#0{0=>-1, 1=>-1, 2=>-1, 3=>-1, 4=>-1, 5=>-1, 6=>-1}{}], sequenceNumber:Fri Feb 23 10:51:37 GMT+08:00 2024]
10:51:37 INFO [Thread-41] SimpleSchemaDDL txn:[3].try to commit create table:[TablesInfo] in schema:[default_schema(38f6db657fb04ae1ace3b1d5a506bbdf)]
10:51:37 INFO [Thread-41] TableMetaManager Boot table:[default_schema.TablesInfo]
10:51:37 INFO [Thread-41] Table loading table TablesInfo, uuid dc8d3693-6fea-4791-aea8-ab2a2fe9adec
10:51:37 INFO [Thread-41] Table table TablesInfo loaded.
10:51:37 INFO [Thread-41] TableMetaManager bootTable default_schema.TablesInfo time 0 ms
10:51:37 INFO [Thread-41] TableMetaManager try to bind table name:TablesInfo  with uuid:dc8d3693-6fea-4791-aea8-ab2a2fe9adec in Schema:default_schema(38f6db657fb04ae1ace3b1d5a506bbdf)
10:51:37 INFO [Thread-41] SimpleSchemaDDL txn:[3].finish commit create table:[TablesInfo] in
10:51:37 INFO [Thread-41] SimpleTableSpaceDDL txn:[3].finish commit table space staff:[sys_ts]
10:51:37 INFO [Thread-41] SimpleTableSpaceDML txn:[3] finish commit table staff
10:51:37 INFO [Thread-41] TransactionNut txn:(3) will be release by pool:[TxnPool_sys_ts_1708656697511]
10:51:37 INFO [bus-4-thread-2] FileJournal JOURNAL ENTRY, [COMMIT_TXN, txn:[3], sequenceNumber:Fri Feb 23 10:51:37 GMT+08:00 2024]
10:51:37 INFO [Thread-41] BaseCloseable [StandaloneComponentManager] started successfully time:[370ms]
10:51:37 INFO [Thread-41] DBManagerServer Booting DBManager under logical path:xdb,disk path:E:\bi-starter-latest\webroot\bi-data\polars
10:51:37 INFO [Thread-41] BaseCloseable [Standalone] started successfully time:[0ms]
10:51:37 INFO [Thread-41] BaseCloseable [BaseClusterInfoManager] started successfully time:[0ms]
10:51:37 INFO [Thread-41] BaseCloseable [SimplePolarsCenter] started successfully time:[0ms]
10:51:37 INFO [Thread-41] SchemaFactory Register schema type:[SpiderSchemaType(7ee1fd67-5ec6-ac48-ea77-d8044aee3956)]
10:51:37 INFO [Thread-41] FunctionTranslatorRegistry bitranslator translator 已被注册，不支持重复注册
10:51:37 INFO [Thread-41] DBManagerServer 


:::::::::    ::::::::   :::           :::      :::::::::    ::::::::
:+:    :+:  :+:    :+:  :+:         :+: :+:    :+:    :+:  :+:    :+:
+:+    +:+  +:+    +:+  +:+        +:+   +:+   +:+    +:+  +:+
+#++:++#+   +#+    +:+  +#+       +#++:++#++:  +#++:++#:   +#++:++#++
+#+         +#+    +#+  +#+       +#+     +#+  +#+    +#+         +#+
#+#         #+#    #+#  #+#       #+#     #+#  #+#    #+#  #+#    #+#
###          ########   #############     ###  ###    ###   ########


10:51:37 INFO [Thread-41] BaseCloseable [DBManagerServer] started successfully time:[26ms]
10:51:40 INFO [grpc-default-executor-1] CommandBase cmd:[SpiderDiskInitCleanCommand] param:[[]]
10:51:40 INFO [grpc-default-executor-0] TableSpaceManager Table space service try to create table space:[default_ts(NORMAL)#6b7ec8b361444b8ab1d9709b3a25d896]
10:51:40 INFO [grpc-default-executor-0] RocksTableSpaceDescService Register table space desc:default_ts(NORMAL)#6b7ec8b361444b8ab1d9709b3a25d896
10:51:40 INFO [grpc-default-executor-0] TableSpaceManager Table space service try to boot table space [default_ts] under db [xdb], uuid is [6b7ec8b361444b8ab1d9709b3a25d896]
10:51:40 INFO [grpc-default-executor-0] TableMetaManager Table manager:xdb/6b7ec8b361444b8ab1d9709b3a25d896/.meta meta not exist,return a empty builder
10:51:40 INFO [grpc-default-executor-0] TableMetaManager$Builder TableManager:[default_schema(6b7ec8b361444b8ab1d9709b3a25d896)] builder start to build,tables:[]
10:51:40 INFO [grpc-default-executor-0] BaseCloseable [SimpleTableSpaceCenter] started successfully time:[0ms]
10:51:40 INFO [grpc-default-executor-0] SchemaManager Schema manager load schema:[default_schema(6b7ec8b361444b8ab1d9709b3a25d896)]
10:51:40 INFO [grpc-default-executor-0] TableSpaceManager Table space service boot space  [default_ts] under db [xdb] successfully, uuid is [6b7ec8b361444b8ab1d9709b3a25d896], load time 4 ms 
10:51:40 INFO [grpc-default-executor-1] TransactionNut txn:(4) will be stored by pool:[TxnPool_default_ts_1708656697512]
10:51:40 INFO [grpc-default-executor-1] TableSpaceRouter TableSpace:default_ts,begin txnId:[4],start seq no:(1708656697586)
10:51:40 INFO [bus-4-thread-1] FileJournal JOURNAL ENTRY, [BEGIN_TXN, txn:[4], sequenceNumber:Fri Feb 23 10:51:40 GMT+08:00 2024]
10:51:40 INFO [grpc-default-executor-1] TableSpaceRouter Table space:[default_ts] create schema:[etl_edit_schema]
10:51:40 INFO [grpc-default-executor-1] SchemaManager Schema manager try to create schema:[[schemaName:'etl_edit_schema', uuid:'d0a38efdd2bb48febfdba953e8b9ae43', schemaType:'SimpleSchema(240a8a3a-8e8c-4a0e-b4fd-d7cbd6668170)', createIdentity:default_ts(6b7ec8b361444b8ab1d9709b3a25d896), properties:{}]] start
10:51:40 INFO [grpc-default-executor-1] SchemaFactory Create schema:[schemaName:'etl_edit_schema', uuid:'d0a38efdd2bb48febfdba953e8b9ae43', schemaType:'SimpleSchema(240a8a3a-8e8c-4a0e-b4fd-d7cbd6668170)', createIdentity:default_ts(6b7ec8b361444b8ab1d9709b3a25d896), properties:{}]
10:51:40 INFO [grpc-default-executor-1] TableMetaManager Table manager:xdb/6b7ec8b361444b8ab1d9709b3a25d896/schema/d0a38efdd2bb48febfdba953e8b9ae43/.meta meta not exist,return a empty builder
10:51:40 INFO [grpc-default-executor-1] TableMetaManager$Builder TableManager:[etl_edit_schema(d0a38efdd2bb48febfdba953e8b9ae43)] builder start to build,tables:[]
10:51:41 INFO [grpc-default-executor-1] TransactionNut txn:(5) will be stored by pool:[TxnPool_default_ts_1708656697512]
10:51:41 INFO [grpc-default-executor-1] TableSpaceRouter TableSpace:default_ts,begin txnId:[5],start seq no:(1708656697587)
10:51:41 INFO [grpc-default-executor-1] TableSpaceRouter Table space:[default_ts] create schema:[spider_schema]
10:51:41 INFO [bus-4-thread-2] FileJournal JOURNAL ENTRY, [BEGIN_TXN, txn:[5], sequenceNumber:Fri Feb 23 10:51:41 GMT+08:00 2024]
10:51:41 INFO [grpc-default-executor-1] SchemaManager Schema manager try to create schema:[[schemaName:'spider_schema', uuid:'7a37f24f1115462eb351a8f06fe00dda', schemaType:'SpiderSchemaType(7ee1fd67-5ec6-ac48-ea77-d8044aee3956)', createIdentity:default_ts(6b7ec8b361444b8ab1d9709b3a25d896), properties:{spider_local_base_path=E:\bi-starter-latest\webroot\bi-data, spider_local_root_path=spider}]] start
10:51:41 INFO [grpc-default-executor-1] SchemaFactory Create schema:[schemaName:'spider_schema', uuid:'7a37f24f1115462eb351a8f06fe00dda', schemaType:'SpiderSchemaType(7ee1fd67-5ec6-ac48-ea77-d8044aee3956)', createIdentity:default_ts(6b7ec8b361444b8ab1d9709b3a25d896), properties:{spider_local_base_path=E:\bi-starter-latest\webroot\bi-data, spider_local_root_path=spider}]
10:51:41 INFO [grpc-default-executor-1] TableMetaManager Table manager:xdb/6b7ec8b361444b8ab1d9709b3a25d896/schema/7a37f24f1115462eb351a8f06fe00dda/.meta meta not exist,return a empty builder
10:51:41 INFO [grpc-default-executor-1] TableMetaManager$Builder TableManager:[spider_schema(7a37f24f1115462eb351a8f06fe00dda)] builder start to build,tables:[]
10:51:41 INFO [grpc-default-executor-1] ResourceSpaceManager Delete the resource space:[default_rs]
10:51:41 INFO [Thread-19] FunctionTranslatorRegistry bitranslator translator 已被注册，不支持重复注册
10:59:37 INFO [scheduled-task-pool-3-thread-1] DiskSpaceItem [Disk Space Monitor].Check disk:[E:\bi-starter-latest\webroot\bi-data\polars],free space:[222]GB,limit:[16]GB,is fine:[true]
11:07:37 INFO [scheduled-task-pool-3-thread-1] DiskSpaceItem [Disk Space Monitor].Check disk:[E:\bi-starter-latest\webroot\bi-data\polars],free space:[222]GB,limit:[16]GB,is fine:[true]
11:15:37 INFO [scheduled-task-pool-3-thread-3] DiskSpaceItem [Disk Space Monitor].Check disk:[E:\bi-starter-latest\webroot\bi-data\polars],free space:[222]GB,limit:[16]GB,is fine:[true]
11:21:36 INFO [scheduled-task-pool-3-thread-4] Guardians Scan the disk:E:\bi-starter-latest\webroot\bi-data\polars\aurora folder size.
11:21:36 INFO [scheduled-task-pool-3-thread-4] Guardians Scan the disk:E:\bi-starter-latest\webroot\bi-data\polars\aurora folder size.
11:21:36 INFO [scheduled-task-pool-3-thread-4] Aurora Guardians clean useless and free disk space:0MB
11:23:37 INFO [scheduled-task-pool-3-thread-14] DiskSpaceItem [Disk Space Monitor].Check disk:[E:\bi-starter-latest\webroot\bi-data\polars],free space:[222]GB,limit:[16]GB,is fine:[true]
11:31:37 INFO [scheduled-task-pool-3-thread-15] DiskSpaceItem [Disk Space Monitor].Check disk:[E:\bi-starter-latest\webroot\bi-data\polars],free space:[222]GB,limit:[16]GB,is fine:[true]
11:39:37 INFO [scheduled-task-pool-3-thread-10] DiskSpaceItem [Disk Space Monitor].Check disk:[E:\bi-starter-latest\webroot\bi-data\polars],free space:[222]GB,limit:[16]GB,is fine:[true]
11:47:37 INFO [scheduled-task-pool-3-thread-13] DiskSpaceItem [Disk Space Monitor].Check disk:[E:\bi-starter-latest\webroot\bi-data\polars],free space:[222]GB,limit:[16]GB,is fine:[true]
11:51:36 INFO [scheduled-task-pool-3-thread-15] Guardians Scan the disk:E:\bi-starter-latest\webroot\bi-data\polars\aurora folder size.
11:51:36 INFO [scheduled-task-pool-3-thread-15] Guardians Scan the disk:E:\bi-starter-latest\webroot\bi-data\polars\aurora folder size.
11:51:36 INFO [scheduled-task-pool-3-thread-15] Aurora Guardians clean useless and free disk space:0MB
11:55:37 INFO [scheduled-task-pool-3-thread-10] DiskSpaceItem [Disk Space Monitor].Check disk:[E:\bi-starter-latest\webroot\bi-data\polars],free space:[222]GB,limit:[16]GB,is fine:[true]
12:03:37 INFO [scheduled-task-pool-3-thread-14] DiskSpaceItem [Disk Space Monitor].Check disk:[E:\bi-starter-latest\webroot\bi-data\polars],free space:[222]GB,limit:[16]GB,is fine:[true]
12:11:37 INFO [scheduled-task-pool-3-thread-12] DiskSpaceItem [Disk Space Monitor].Check disk:[E:\bi-starter-latest\webroot\bi-data\polars],free space:[222]GB,limit:[16]GB,is fine:[true]
12:19:37 INFO [scheduled-task-pool-3-thread-6] DiskSpaceItem [Disk Space Monitor].Check disk:[E:\bi-starter-latest\webroot\bi-data\polars],free space:[222]GB,limit:[16]GB,is fine:[true]
12:21:36 INFO [scheduled-task-pool-3-thread-13] Guardians Scan the disk:E:\bi-starter-latest\webroot\bi-data\polars\aurora folder size.
12:21:36 INFO [scheduled-task-pool-3-thread-13] Guardians Scan the disk:E:\bi-starter-latest\webroot\bi-data\polars\aurora folder size.
12:21:36 INFO [scheduled-task-pool-3-thread-13] Aurora Guardians clean useless and free disk space:0MB
12:27:37 INFO [scheduled-task-pool-3-thread-10] DiskSpaceItem [Disk Space Monitor].Check disk:[E:\bi-starter-latest\webroot\bi-data\polars],free space:[222]GB,limit:[16]GB,is fine:[true]
12:35:37 INFO [scheduled-task-pool-3-thread-2] DiskSpaceItem [Disk Space Monitor].Check disk:[E:\bi-starter-latest\webroot\bi-data\polars],free space:[222]GB,limit:[16]GB,is fine:[true]
12:43:37 INFO [scheduled-task-pool-3-thread-4] DiskSpaceItem [Disk Space Monitor].Check disk:[E:\bi-starter-latest\webroot\bi-data\polars],free space:[222]GB,limit:[16]GB,is fine:[true]
12:51:36 INFO [scheduled-task-pool-3-thread-16] Guardians Scan the disk:E:\bi-starter-latest\webroot\bi-data\polars\aurora folder size.
12:51:36 INFO [scheduled-task-pool-3-thread-16] Guardians Scan the disk:E:\bi-starter-latest\webroot\bi-data\polars\aurora folder size.
12:51:36 INFO [scheduled-task-pool-3-thread-16] Aurora Guardians clean useless and free disk space:0MB
12:51:37 INFO [scheduled-task-pool-3-thread-14] DiskSpaceItem [Disk Space Monitor].Check disk:[E:\bi-starter-latest\webroot\bi-data\polars],free space:[222]GB,limit:[16]GB,is fine:[true]
12:59:37 INFO [scheduled-task-pool-3-thread-15] DiskSpaceItem [Disk Space Monitor].Check disk:[E:\bi-starter-latest\webroot\bi-data\polars],free space:[222]GB,limit:[16]GB,is fine:[true]
13:36:35 INFO [scheduled-task-pool-3-thread-7] Guardians Scan the disk:E:\bi-starter-latest\webroot\bi-data\polars\aurora folder size.
13:36:35 INFO [scheduled-task-pool-3-thread-11] DiskSpaceItem [Disk Space Monitor].Check disk:[E:\bi-starter-latest\webroot\bi-data\polars],free space:[222]GB,limit:[16]GB,is fine:[true]
13:36:35 INFO [scheduled-task-pool-3-thread-7] Guardians Scan the disk:E:\bi-starter-latest\webroot\bi-data\polars\aurora folder size.
13:36:35 INFO [scheduled-task-pool-3-thread-7] Aurora Guardians clean useless and free disk space:0MB
13:36:35 INFO [scheduled-task-pool-3-thread-11] DiskSpaceItem [Disk Space Monitor].Check disk:[E:\bi-starter-latest\webroot\bi-data\polars],free space:[222]GB,limit:[16]GB,is fine:[true]
13:36:35 INFO [scheduled-task-pool-3-thread-11] DiskSpaceItem [Disk Space Monitor].Check disk:[E:\bi-starter-latest\webroot\bi-data\polars],free space:[222]GB,limit:[16]GB,is fine:[true]
13:36:35 INFO [scheduled-task-pool-3-thread-11] DiskSpaceItem [Disk Space Monitor].Check disk:[E:\bi-starter-latest\webroot\bi-data\polars],free space:[222]GB,limit:[16]GB,is fine:[true]
13:39:37 INFO [scheduled-task-pool-3-thread-10] DiskSpaceItem [Disk Space Monitor].Check disk:[E:\bi-starter-latest\webroot\bi-data\polars],free space:[222]GB,limit:[16]GB,is fine:[true]
13:47:37 INFO [scheduled-task-pool-3-thread-16] DiskSpaceItem [Disk Space Monitor].Check disk:[E:\bi-starter-latest\webroot\bi-data\polars],free space:[222]GB,limit:[16]GB,is fine:[true]
13:51:36 INFO [scheduled-task-pool-3-thread-4] Guardians Scan the disk:E:\bi-starter-latest\webroot\bi-data\polars\aurora folder size.
13:51:36 INFO [scheduled-task-pool-3-thread-4] Guardians Scan the disk:E:\bi-starter-latest\webroot\bi-data\polars\aurora folder size.
13:51:36 INFO [scheduled-task-pool-3-thread-4] Aurora Guardians clean useless and free disk space:0MB
13:55:37 INFO [scheduled-task-pool-3-thread-14] DiskSpaceItem [Disk Space Monitor].Check disk:[E:\bi-starter-latest\webroot\bi-data\polars],free space:[222]GB,limit:[16]GB,is fine:[true]
